// Jest Snapshot v1, https://goo.gl/fbAQLP

exports[`Input Masks Helpers secondsToMs works properly 1`] = `0.01`;

exports[`Input Masks Helpers secondsToMs works properly 2`] = `10000`;

exports[`InputMask Mounts 1`] = `
.emotion-1 {
  width: 100%;
  box-sizing: border-box;
  height: 40px;
  position: relative;
  box-sizing: border-box;
  display: -webkit-box;
  display: -webkit-flex;
  display: -ms-flexbox;
  display: flex;
}

.emotion-0 {
  width: 100%;
  height: 100%;
  background: #eaeaea;
  border-radius: 5px;
  outline: 0;
  border: 2px solid transparent;
  padding: 2px 10px;
  box-sizing: border-box;
}

.emotion-0:focus {
  background: white;
  border-color: #7aaeff;
  box-shadow: 0 0 0 0.2rem rgba(122,174,255,0.15);
}

<div>
  <div
    class="emotion-1"
  >
    <div
      style="position: relative; width: 100%;"
    >
      <input
        class="emotion-0"
        value="3"
      />
    </div>
  </div>
</div>
`;
